src/app/(root)/clients/[id]/page.tsx(82,36): error TS2339: Property 'pagination' does not exist on type 'OrdersResponse'.
src/app/(root)/clients/page.tsx(9,25): error TS2307: Cannot find module '@/hooks/useAuth' or its corresponding type declarations.
src/app/(root)/orders/invoice/page.tsx(491,37): error TS2769: No overload matches this call.
  Overload 1 of 2, '(props: InvoicePDFProps, context?: any): string | number | bigint | boolean | ReactElement<unknown, string | JSXElementConstructor<any>> | ... 4 more ... | undefined', gave the following error.
    Type '{ selectedClient: { _id: string; name: string; clientId: string; currency?: string | undefined; address?: string | undefined; officeAddress?: string | undefined; emails: string[]; } | undefined; ... 5 more ...; year: string; }' is not assignable to type 'IntrinsicAttributes & InvoicePDFProps'.
      Property 'selectedClient' does not exist on type 'IntrinsicAttributes & InvoicePDFProps'.
  Overload 2 of 2, '(props: InvoicePDFProps): string | number | bigint | boolean | ReactElement<unknown, string | JSXElementConstructor<any>> | ... 4 more ... | undefined', gave the following error.
    Type '{ selectedClient: { _id: string; name: string; clientId: string; currency?: string | undefined; address?: string | undefined; officeAddress?: string | undefined; emails: string[]; } | undefined; ... 5 more ...; year: string; }' is not assignable to type 'IntrinsicAttributes & InvoicePDFProps'.
      Property 'selectedClient' does not exist on type 'IntrinsicAttributes & InvoicePDFProps'.
src/app/(root)/orders/page.tsx(24,10): error TS2305: Module '"@/types/order.type"' has no exported member 'ORDER_STATUS_LABELS'.
src/app/(root)/orders/page.tsx(24,31): error TS2305: Module '"@/types/order.type"' has no exported member 'ORDER_PRIORITY_LABELS'.
src/app/(root)/orders/page.tsx(933,49): error TS2322: Type 'unknown' is not assignable to type 'ReactNode'.
src/app/(root)/orders/page.tsx(960,49): error TS2322: Type 'unknown' is not assignable to type 'ReactNode'.
src/app/(root)/orders/page.tsx(1348,73): error TS2322: Type 'unknown' is not assignable to type 'ReactNode'.
src/components/client/ClientForm.tsx(108,9): error TS2322: Type 'Resolver<{ clientId: string; name: string; emails: string[]; status: "active" | "inactive"; phone?: string | undefined; address?: string | undefined; officeAddress?: string | undefined; description?: string | undefined; currency?: string | undefined; teamMembers?: { ...; }[] | undefined; assignedServices?: string[] ...' is not assignable to type 'Resolver<{ clientId: string; name: string; emails: string[]; status: "active" | "inactive"; teamMembers: { name: string; email: string; phone?: string | undefined; designation?: string | undefined; }[]; ... 5 more ...; currency?: string | undefined; }, any, { ...; }>'.
  Types of parameters 'options' and 'options' are incompatible.
    Type 'ResolverOptions<{ clientId: string; name: string; emails: string[]; status: "active" | "inactive"; teamMembers: { name: string; email: string; phone?: string | undefined; designation?: string | undefined; }[]; ... 5 more ...; currency?: string | undefined; }>' is not assignable to type 'ResolverOptions<{ clientId: string; name: string; emails: string[]; status: "active" | "inactive"; phone?: string | undefined; address?: string | undefined; officeAddress?: string | undefined; description?: string | undefined; currency?: string | undefined; teamMembers?: { ...; }[] | undefined; assignedServices?: st...'.
      Type '{ name: string; email: string; phone?: string | undefined; designation?: string | undefined; }[] | undefined' is not assignable to type '{ name: string; email: string; phone?: string | undefined; designation?: string | undefined; }[]'.
        Type 'undefined' is not assignable to type '{ name: string; email: string; phone?: string | undefined; designation?: string | undefined; }[]'.
src/components/client/ClientForm.tsx(226,38): error TS2345: Argument of type '(data: ClientFormData) => Promise<void>' is not assignable to parameter of type 'SubmitHandler<TFieldValues>'.
  Types of parameters 'data' and 'data' are incompatible.
    Type 'TFieldValues' is not assignable to type '{ clientId: string; name: string; emails: string[]; status: "active" | "inactive"; teamMembers: { name: string; email: string; phone?: string | undefined; designation?: string | undefined; }[]; ... 5 more ...; currency?: string | undefined; }'.
      Type 'FieldValues' is missing the following properties from type '{ clientId: string; name: string; emails: string[]; status: "active" | "inactive"; teamMembers: { name: string; email: string; phone?: string | undefined; designation?: string | undefined; }[]; ... 5 more ...; currency?: string | undefined; }': clientId, name, emails, status, and 2 more.
src/components/order/OrderTimeline.tsx(5,10): error TS2305: Module '"@/types/order.type"' has no exported member 'ORDER_STATUS_LABELS'.
