src/components/admin/bulk-invite-dialog.tsx(55,17): error TS2345: Argument of type '(row: Record<string, string>) => { email: string; designation: string; department: string | undefined; role: any; salary: number; branchId: string; shiftId: string | undefined; expiryHours: number; }' is not assignable to parameter of type '(value: unknown, index: number, array: unknown[]) => { email: string; designation: string; department: string | undefined; role: any; salary: number; branchId: string; shiftId: string | undefined; expiryHours: number; }'.
  Types of parameters 'row' and 'value' are incompatible.
    Type 'unknown' is not assignable to type 'Record<string, string>'.
