src/components/staff/edit-staff-dialog.tsx(69,9): error TS2322: Type 'Resolver<{ department: string; designation: string; status: "active" | "inactive" | "terminated"; salary: unknown; branchId?: string | undefined; role?: string | undefined; salaryVisibleToEmployee?: boolean | undefined; bank?: { ...; } | undefined; }, any, { ...; }>' is not assignable to type 'Resolver<{ department: string; designation: string; status: "active" | "inactive" | "terminated"; salary: number; salaryVisibleToEmployee: boolean; branchId?: string | undefined; role?: string | undefined; bank?: { ...; } | undefined; }, any, { ...; }>'.
  Types of parameters 'options' and 'options' are incompatible.
    Type 'ResolverOptions<{ department: string; designation: string; status: "active" | "inactive" | "terminated"; salary: number; salaryVisibleToEmployee: boolean; branchId?: string | undefined; role?: string | undefined; bank?: { ...; } | undefined; }>' is not assignable to type 'ResolverOptions<{ department: string; designation: string; status: "active" | "inactive" | "terminated"; salary: unknown; branchId?: string | undefined; role?: string | undefined; salaryVisibleToEmployee?: boolean | undefined; bank?: { ...; } | undefined; }>'.
      Types of property 'names' are incompatible.
        Type 'string[] | undefined' is not assignable to type '("branchId" | "department" | "designation" | "role" | "status" | "salary" | "salaryVisibleToEmployee" | "bank")[] | undefined'.
          Type 'string[]' is not assignable to type '("branchId" | "department" | "designation" | "role" | "status" | "salary" | "salaryVisibleToEmployee" | "bank")[]'.
            Type 'string' is not assignable to type '"branchId" | "department" | "designation" | "role" | "status" | "salary" | "salaryVisibleToEmployee" | "bank"'.
src/components/staff/edit-staff-dialog.tsx(147,49): error TS2345: Argument of type '(values: { department: string; designation: string; status: "active" | "inactive" | "terminated"; salary: number; salaryVisibleToEmployee: boolean; branchId?: string | undefined; role?: string | undefined; bank?: { ...; } | undefined; }) => Promise<...>' is not assignable to parameter of type 'SubmitHandler<TFieldValues>'.
  Types of parameters 'values' and 'data' are incompatible.
    Type 'TFieldValues' is not assignable to type '{ department: string; designation: string; status: "active" | "inactive" | "terminated"; salary: number; salaryVisibleToEmployee: boolean; branchId?: string | undefined; role?: string | undefined; bank?: { ...; } | undefined; }'.
      Type 'FieldValues' is missing the following properties from type '{ department: string; designation: string; status: "active" | "inactive" | "terminated"; salary: number; salaryVisibleToEmployee: boolean; branchId?: string | undefined; role?: string | undefined; bank?: { ...; } | undefined; }': department, designation, status, salary, salaryVisibleToEmployee
