src/controllers/order.controller.ts(264,62): error TS6133: 'downloadLink' is declared but its value is never read.
