src/controllers/external-business.controller.ts(35,13): error TS2379: Argument of type '{ name: string; description?: string | undefined; contactPerson?: string | undefined; phone?: string | undefined; email?: string | undefined; }' is not assignable to parameter of type 'CreateExternalBusinessData' with 'exactOptionalPropertyTypes: true'. Consider adding 'undefined' to the types of the target's properties.
  Types of property 'description' are incompatible.
    Type 'string | undefined' is not assignable to type 'string'.
      Type 'undefined' is not assignable to type 'string'.
src/controllers/external-business.controller.ts(57,15): error TS2375: Type '{ page: number | undefined; limit: number | undefined; isActive: boolean | undefined; }' is not assignable to type 'ExternalBusinessQueryParams' with 'exactOptionalPropertyTypes: true'. Consider adding 'undefined' to the types of the target's properties.
  Types of property 'page' are incompatible.
    Type 'number | undefined' is not assignable to type 'number'.
      Type 'undefined' is not assignable to type 'number'.
src/controllers/external-business.controller.ts(128,13): error TS2379: Argument of type '{ name?: string | undefined; description?: string | undefined; contactPerson?: string | undefined; phone?: string | undefined; email?: string | undefined; isActive?: boolean | undefined; }' is not assignable to parameter of type 'UpdateExternalBusinessData' with 'exactOptionalPropertyTypes: true'. Consider adding 'undefined' to the types of the target's properties.
  Types of property 'name' are incompatible.
    Type 'string | undefined' is not assignable to type 'string'.
      Type 'undefined' is not assignable to type 'string'.
src/controllers/external-business.controller.ts(215,13): error TS2379: Argument of type '{ businessId: string; amount: number; periodType: "month" | "year"; year: number; transferDate?: Date | undefined; month?: number | undefined; notes?: string | undefined; }' is not assignable to parameter of type 'CreateProfitTransferData' with 'exactOptionalPropertyTypes: true'. Consider adding 'undefined' to the types of the target's properties.
  Types of property 'transferDate' are incompatible.
    Type 'Date | undefined' is not assignable to type 'Date'.
      Type 'undefined' is not assignable to type 'Date'.
src/controllers/external-business.controller.ts(240,15): error TS2375: Type '{ page?: number | undefined; limit?: number | undefined; businessId?: string | undefined; periodType?: "month" | "year" | undefined; year?: number | undefined; month?: number | undefined; }' is not assignable to type 'ProfitTransferQueryParams' with 'exactOptionalPropertyTypes: true'. Consider adding 'undefined' to the types of the target's properties.
  Types of property 'page' are incompatible.
    Type 'number | undefined' is not assignable to type 'number'.
      Type 'undefined' is not assignable to type 'number'.
